// Jest Snapshot v1, https://goo.gl/fbAQLP

exports[`<Counter /> match snapshot 1`] = `ShallowWrapper {}`;
